true
false
true
false
false
false
true
true
true
false
true
false
-10
42
